=== RUN   TestConcurrencyWindow
=== RUN   TestConcurrencyWindow/window-forced
    wrapping_test.go:128: proposal FAIL: runtime deadlock or timeout; log.SetOutput and forwarding remained blocked (window-forced: entered bridge; restoring writer)
=== RUN   TestConcurrencyWindow/window-forced-slog
    wrapping_test.go:128: proposal FAIL: runtime deadlock or timeout; log.SetOutput and forwarding remained blocked (window-forced-slog: entered bridge; restoring writer)
=== RUN   TestConcurrencyWindow/window-stress
    wrapping_test.go:128: proposal FAIL: runtime deadlock or timeout; log.SetOutput and forwarding remained blocked (64 mixed log/slog workers; restoring writer after 10ms window)
--- PASS: TestConcurrencyWindow (0.96s)
    --- PASS: TestConcurrencyWindow/window-forced (0.32s)
    --- PASS: TestConcurrencyWindow/window-forced-slog (0.32s)
    --- PASS: TestConcurrencyWindow/window-stress (0.33s)
=== RUN   TestNoWindowAlternatives
=== RUN   TestNoWindowAlternatives/skip
    wrapping_test.go:147: 64 concurrent goroutines, 500 calls each, 200 activation attempts: completed
=== RUN   TestNoWindowAlternatives/text
    wrapping_test.go:147: 64 concurrent goroutines, 500 calls each, 200 activation attempts: completed
=== NAME  TestNoWindowAlternatives
    wrapping_test.go:150: skip preserves output and requires explicit request-log capture; TextHandler is safe but changes format
--- PASS: TestNoWindowAlternatives (0.26s)
    --- PASS: TestNoWindowAlternatives/skip (0.05s)
    --- PASS: TestNoWindowAlternatives/text (0.19s)
=== RUN   TestConcurrencyWindow
=== RUN   TestConcurrencyWindow/window-forced
    wrapping_test.go:128: proposal FAIL: runtime deadlock or timeout; log.SetOutput and forwarding remained blocked (window-forced: entered bridge; restoring writer)
=== RUN   TestConcurrencyWindow/window-forced-slog
    wrapping_test.go:128: proposal FAIL: runtime deadlock or timeout; log.SetOutput and forwarding remained blocked (window-forced-slog: entered bridge; restoring writer)
=== RUN   TestConcurrencyWindow/window-stress
    wrapping_test.go:128: proposal FAIL: runtime deadlock or timeout; log.SetOutput and forwarding remained blocked (64 mixed log/slog workers; restoring writer after 10ms window)
--- PASS: TestConcurrencyWindow (0.95s)
    --- PASS: TestConcurrencyWindow/window-forced (0.31s)
    --- PASS: TestConcurrencyWindow/window-forced-slog (0.31s)
    --- PASS: TestConcurrencyWindow/window-stress (0.32s)
=== RUN   TestNoWindowAlternatives
=== RUN   TestNoWindowAlternatives/skip
    wrapping_test.go:147: 64 concurrent goroutines, 500 calls each, 200 activation attempts: completed
=== RUN   TestNoWindowAlternatives/text
    wrapping_test.go:147: 64 concurrent goroutines, 500 calls each, 200 activation attempts: completed
=== NAME  TestNoWindowAlternatives
    wrapping_test.go:150: skip preserves output and requires explicit request-log capture; TextHandler is safe but changes format
--- PASS: TestNoWindowAlternatives (0.25s)
    --- PASS: TestNoWindowAlternatives/skip (0.05s)
    --- PASS: TestNoWindowAlternatives/text (0.19s)
=== RUN   TestConcurrencyWindow
=== RUN   TestConcurrencyWindow/window-forced
    wrapping_test.go:128: proposal FAIL: runtime deadlock or timeout; log.SetOutput and forwarding remained blocked (window-forced: entered bridge; restoring writer)
=== RUN   TestConcurrencyWindow/window-forced-slog
    wrapping_test.go:128: proposal FAIL: runtime deadlock or timeout; log.SetOutput and forwarding remained blocked (window-forced-slog: entered bridge; restoring writer)
=== RUN   TestConcurrencyWindow/window-stress
    wrapping_test.go:128: proposal FAIL: runtime deadlock or timeout; log.SetOutput and forwarding remained blocked (64 mixed log/slog workers; restoring writer after 10ms window)
--- PASS: TestConcurrencyWindow (0.95s)
    --- PASS: TestConcurrencyWindow/window-forced (0.31s)
    --- PASS: TestConcurrencyWindow/window-forced-slog (0.31s)
    --- PASS: TestConcurrencyWindow/window-stress (0.32s)
=== RUN   TestNoWindowAlternatives
=== RUN   TestNoWindowAlternatives/skip
    wrapping_test.go:147: 64 concurrent goroutines, 500 calls each, 200 activation attempts: completed
=== RUN   TestNoWindowAlternatives/text
    wrapping_test.go:147: 64 concurrent goroutines, 500 calls each, 200 activation attempts: completed
=== NAME  TestNoWindowAlternatives
    wrapping_test.go:150: skip preserves output and requires explicit request-log capture; TextHandler is safe but changes format
--- PASS: TestNoWindowAlternatives (0.25s)
    --- PASS: TestNoWindowAlternatives/skip (0.06s)
    --- PASS: TestNoWindowAlternatives/text (0.18s)
=== RUN   TestConcurrencyWindow
=== RUN   TestConcurrencyWindow/window-forced
    wrapping_test.go:128: proposal FAIL: runtime deadlock or timeout; log.SetOutput and forwarding remained blocked (window-forced: entered bridge; restoring writer)
=== RUN   TestConcurrencyWindow/window-forced-slog
    wrapping_test.go:128: proposal FAIL: runtime deadlock or timeout; log.SetOutput and forwarding remained blocked (window-forced-slog: entered bridge; restoring writer)
=== RUN   TestConcurrencyWindow/window-stress
    wrapping_test.go:128: proposal FAIL: runtime deadlock or timeout; log.SetOutput and forwarding remained blocked (64 mixed log/slog workers; restoring writer after 10ms window)
--- PASS: TestConcurrencyWindow (0.95s)
    --- PASS: TestConcurrencyWindow/window-forced (0.31s)
    --- PASS: TestConcurrencyWindow/window-forced-slog (0.32s)
    --- PASS: TestConcurrencyWindow/window-stress (0.33s)
=== RUN   TestNoWindowAlternatives
=== RUN   TestNoWindowAlternatives/skip
    wrapping_test.go:147: 64 concurrent goroutines, 500 calls each, 200 activation attempts: completed
=== RUN   TestNoWindowAlternatives/text
    wrapping_test.go:147: 64 concurrent goroutines, 500 calls each, 200 activation attempts: completed
=== NAME  TestNoWindowAlternatives
    wrapping_test.go:150: skip preserves output and requires explicit request-log capture; TextHandler is safe but changes format
--- PASS: TestNoWindowAlternatives (0.26s)
    --- PASS: TestNoWindowAlternatives/skip (0.05s)
    --- PASS: TestNoWindowAlternatives/text (0.19s)
=== RUN   TestConcurrencyWindow
=== RUN   TestConcurrencyWindow/window-forced
    wrapping_test.go:128: proposal FAIL: runtime deadlock or timeout; log.SetOutput and forwarding remained blocked (window-forced: entered bridge; restoring writer)
=== RUN   TestConcurrencyWindow/window-forced-slog
    wrapping_test.go:128: proposal FAIL: runtime deadlock or timeout; log.SetOutput and forwarding remained blocked (window-forced-slog: entered bridge; restoring writer)
=== RUN   TestConcurrencyWindow/window-stress
    wrapping_test.go:128: proposal FAIL: runtime deadlock or timeout; log.SetOutput and forwarding remained blocked (64 mixed log/slog workers; restoring writer after 10ms window)
--- PASS: TestConcurrencyWindow (0.95s)
    --- PASS: TestConcurrencyWindow/window-forced (0.31s)
    --- PASS: TestConcurrencyWindow/window-forced-slog (0.31s)
    --- PASS: TestConcurrencyWindow/window-stress (0.32s)
=== RUN   TestNoWindowAlternatives
=== RUN   TestNoWindowAlternatives/skip
    wrapping_test.go:147: 64 concurrent goroutines, 500 calls each, 200 activation attempts: completed
=== RUN   TestNoWindowAlternatives/text
    wrapping_test.go:147: 64 concurrent goroutines, 500 calls each, 200 activation attempts: completed
=== NAME  TestNoWindowAlternatives
    wrapping_test.go:150: skip preserves output and requires explicit request-log capture; TextHandler is safe but changes format
--- PASS: TestNoWindowAlternatives (0.26s)
    --- PASS: TestNoWindowAlternatives/skip (0.05s)
    --- PASS: TestNoWindowAlternatives/text (0.19s)
=== RUN   TestConcurrencyWindow
=== RUN   TestConcurrencyWindow/window-forced
    wrapping_test.go:128: proposal FAIL: runtime deadlock or timeout; log.SetOutput and forwarding remained blocked (window-forced: entered bridge; restoring writer)
=== RUN   TestConcurrencyWindow/window-forced-slog
    wrapping_test.go:128: proposal FAIL: runtime deadlock or timeout; log.SetOutput and forwarding remained blocked (window-forced-slog: entered bridge; restoring writer)
=== RUN   TestConcurrencyWindow/window-stress
    wrapping_test.go:128: proposal FAIL: runtime deadlock or timeout; log.SetOutput and forwarding remained blocked (64 mixed log/slog workers; restoring writer after 10ms window)
--- PASS: TestConcurrencyWindow (0.96s)
    --- PASS: TestConcurrencyWindow/window-forced (0.31s)
    --- PASS: TestConcurrencyWindow/window-forced-slog (0.32s)
    --- PASS: TestConcurrencyWindow/window-stress (0.33s)
=== RUN   TestNoWindowAlternatives
=== RUN   TestNoWindowAlternatives/skip
    wrapping_test.go:147: 64 concurrent goroutines, 500 calls each, 200 activation attempts: completed
=== RUN   TestNoWindowAlternatives/text
    wrapping_test.go:147: 64 concurrent goroutines, 500 calls each, 200 activation attempts: completed
=== NAME  TestNoWindowAlternatives
    wrapping_test.go:150: skip preserves output and requires explicit request-log capture; TextHandler is safe but changes format
--- PASS: TestNoWindowAlternatives (0.25s)
    --- PASS: TestNoWindowAlternatives/skip (0.05s)
    --- PASS: TestNoWindowAlternatives/text (0.19s)
=== RUN   TestConcurrencyWindow
=== RUN   TestConcurrencyWindow/window-forced
    wrapping_test.go:128: proposal FAIL: runtime deadlock or timeout; log.SetOutput and forwarding remained blocked (window-forced: entered bridge; restoring writer)
=== RUN   TestConcurrencyWindow/window-forced-slog
    wrapping_test.go:128: proposal FAIL: runtime deadlock or timeout; log.SetOutput and forwarding remained blocked (window-forced-slog: entered bridge; restoring writer)
=== RUN   TestConcurrencyWindow/window-stress
    wrapping_test.go:128: proposal FAIL: runtime deadlock or timeout; log.SetOutput and forwarding remained blocked (64 mixed log/slog workers; restoring writer after 10ms window)
--- PASS: TestConcurrencyWindow (0.95s)
    --- PASS: TestConcurrencyWindow/window-forced (0.31s)
    --- PASS: TestConcurrencyWindow/window-forced-slog (0.31s)
    --- PASS: TestConcurrencyWindow/window-stress (0.33s)
=== RUN   TestNoWindowAlternatives
=== RUN   TestNoWindowAlternatives/skip
    wrapping_test.go:147: 64 concurrent goroutines, 500 calls each, 200 activation attempts: completed
=== RUN   TestNoWindowAlternatives/text
    wrapping_test.go:147: 64 concurrent goroutines, 500 calls each, 200 activation attempts: completed
=== NAME  TestNoWindowAlternatives
    wrapping_test.go:150: skip preserves output and requires explicit request-log capture; TextHandler is safe but changes format
--- PASS: TestNoWindowAlternatives (0.26s)
    --- PASS: TestNoWindowAlternatives/skip (0.05s)
    --- PASS: TestNoWindowAlternatives/text (0.19s)
=== RUN   TestConcurrencyWindow
=== RUN   TestConcurrencyWindow/window-forced
    wrapping_test.go:128: proposal FAIL: runtime deadlock or timeout; log.SetOutput and forwarding remained blocked (window-forced: entered bridge; restoring writer)
=== RUN   TestConcurrencyWindow/window-forced-slog
    wrapping_test.go:128: proposal FAIL: runtime deadlock or timeout; log.SetOutput and forwarding remained blocked (window-forced-slog: entered bridge; restoring writer)
=== RUN   TestConcurrencyWindow/window-stress
    wrapping_test.go:128: proposal FAIL: runtime deadlock or timeout; log.SetOutput and forwarding remained blocked (64 mixed log/slog workers; restoring writer after 10ms window)
--- PASS: TestConcurrencyWindow (0.96s)
    --- PASS: TestConcurrencyWindow/window-forced (0.31s)
    --- PASS: TestConcurrencyWindow/window-forced-slog (0.32s)
    --- PASS: TestConcurrencyWindow/window-stress (0.33s)
=== RUN   TestNoWindowAlternatives
=== RUN   TestNoWindowAlternatives/skip
    wrapping_test.go:147: 64 concurrent goroutines, 500 calls each, 200 activation attempts: completed
=== RUN   TestNoWindowAlternatives/text
    wrapping_test.go:147: 64 concurrent goroutines, 500 calls each, 200 activation attempts: completed
=== NAME  TestNoWindowAlternatives
    wrapping_test.go:150: skip preserves output and requires explicit request-log capture; TextHandler is safe but changes format
--- PASS: TestNoWindowAlternatives (0.26s)
    --- PASS: TestNoWindowAlternatives/skip (0.06s)
    --- PASS: TestNoWindowAlternatives/text (0.18s)
=== RUN   TestConcurrencyWindow
=== RUN   TestConcurrencyWindow/window-forced
    wrapping_test.go:128: proposal FAIL: runtime deadlock or timeout; log.SetOutput and forwarding remained blocked (window-forced: entered bridge; restoring writer)
=== RUN   TestConcurrencyWindow/window-forced-slog
    wrapping_test.go:128: proposal FAIL: runtime deadlock or timeout; log.SetOutput and forwarding remained blocked (window-forced-slog: entered bridge; restoring writer)
=== RUN   TestConcurrencyWindow/window-stress
    wrapping_test.go:128: proposal FAIL: runtime deadlock or timeout; log.SetOutput and forwarding remained blocked (64 mixed log/slog workers; restoring writer after 10ms window)
--- PASS: TestConcurrencyWindow (0.96s)
    --- PASS: TestConcurrencyWindow/window-forced (0.31s)
    --- PASS: TestConcurrencyWindow/window-forced-slog (0.32s)
    --- PASS: TestConcurrencyWindow/window-stress (0.33s)
=== RUN   TestNoWindowAlternatives
=== RUN   TestNoWindowAlternatives/skip
    wrapping_test.go:147: 64 concurrent goroutines, 500 calls each, 200 activation attempts: completed
=== RUN   TestNoWindowAlternatives/text
    wrapping_test.go:147: 64 concurrent goroutines, 500 calls each, 200 activation attempts: completed
=== NAME  TestNoWindowAlternatives
    wrapping_test.go:150: skip preserves output and requires explicit request-log capture; TextHandler is safe but changes format
--- PASS: TestNoWindowAlternatives (0.26s)
    --- PASS: TestNoWindowAlternatives/skip (0.05s)
    --- PASS: TestNoWindowAlternatives/text (0.19s)
=== RUN   TestConcurrencyWindow
=== RUN   TestConcurrencyWindow/window-forced
    wrapping_test.go:128: proposal FAIL: runtime deadlock or timeout; log.SetOutput and forwarding remained blocked (window-forced: entered bridge; restoring writer)
=== RUN   TestConcurrencyWindow/window-forced-slog
    wrapping_test.go:128: proposal FAIL: runtime deadlock or timeout; log.SetOutput and forwarding remained blocked (window-forced-slog: entered bridge; restoring writer)
=== RUN   TestConcurrencyWindow/window-stress
    wrapping_test.go:128: proposal FAIL: runtime deadlock or timeout; log.SetOutput and forwarding remained blocked (64 mixed log/slog workers; restoring writer after 10ms window)
--- PASS: TestConcurrencyWindow (0.96s)
    --- PASS: TestConcurrencyWindow/window-forced (0.31s)
    --- PASS: TestConcurrencyWindow/window-forced-slog (0.32s)
    --- PASS: TestConcurrencyWindow/window-stress (0.33s)
=== RUN   TestNoWindowAlternatives
=== RUN   TestNoWindowAlternatives/skip
    wrapping_test.go:147: 64 concurrent goroutines, 500 calls each, 200 activation attempts: completed
=== RUN   TestNoWindowAlternatives/text
    wrapping_test.go:147: 64 concurrent goroutines, 500 calls each, 200 activation attempts: completed
=== NAME  TestNoWindowAlternatives
    wrapping_test.go:150: skip preserves output and requires explicit request-log capture; TextHandler is safe but changes format
--- PASS: TestNoWindowAlternatives (0.25s)
    --- PASS: TestNoWindowAlternatives/skip (0.05s)
    --- PASS: TestNoWindowAlternatives/text (0.19s)
PASS
ok  	github.com/apitally/apitally-go/pocs/slog-default-wrapping	13.331s
